[36mvite v7.1.4 [32mbuilding for production...[36m[39m
transforming...

🌼   [35mdaisyUI[39m [2m4.12.24[22m
├─ [32m✔︎[39m 2 themes added[2m		https://daisyui.com/docs/themes[22m
╰─ [32m❤︎[39m [0mSupport daisyUI project:[0m	[2mhttps://opencollective.com/daisyui[22m

[32m✓[39m 2245 modules transformed.
rendering chunks...
computing gzip size...
[2mdist/[22m[32mindex.html                              [39m[1m[2m  1.07 kB[22m[1m[22m[2m │ gzip:   0.51 kB[22m
[2mdist/[22m[35massets/index-De6mkW4R.css               [39m[1m[2m167.57 kB[22m[1m[22m[2m │ gzip:  25.54 kB[22m
[2mdist/[22m[36massets/ThemeMarketplace-Dxxul1Bj.js     [39m[1m[2m  4.18 kB[22m[1m[22m[2m │ gzip:   1.68 kB[22m
[2mdist/[22m[36massets/HDCallsModal-DFSbiJIp.js         [39m[1m[2m  5.65 kB[22m[1m[22m[2m │ gzip:   1.86 kB[22m
[2mdist/[22m[36massets/StorageManagerModal-DHwIzdha.js  [39m[1m[2m  6.34 kB[22m[1m[22m[2m │ gzip:   2.22 kB[22m
[2mdist/[22m[36massets/CreateGroupModal-BK-wyQP6.js     [39m[1m[2m  7.25 kB[22m[1m[22m[2m │ gzip:   2.39 kB[22m
[2mdist/[22m[36massets/SearchOverlay-Cqp62i0t.js        [39m[1m[2m  9.52 kB[22m[1m[22m[2m │ gzip:   2.95 kB[22m
[2mdist/[22m[36massets/PlanManagerModal-DQHtftOt.js     [39m[1m[2m 11.83 kB[22m[1m[22m[2m │ gzip:   3.52 kB[22m
[2mdist/[22m[36massets/UpgradeModal-Co9889YW.js         [39m[1m[2m 11.92 kB[22m[1m[22m[2m │ gzip:   3.43 kB[22m
[2mdist/[22m[36massets/GroupsPanel-DgiEPw5F.js          [39m[1m[2m 12.16 kB[22m[1m[22m[2m │ gzip:   3.79 kB[22m
[2mdist/[22m[36massets/GroupInfoPanel-CTW3fLth.js       [39m[1m[2m 16.22 kB[22m[1m[22m[2m │ gzip:   3.74 kB[22m
[2mdist/[22m[36massets/QuickViewPanel-RRTZwVj8.js       [39m[1m[2m 18.92 kB[22m[1m[22m[2m │ gzip:   4.74 kB[22m
[2mdist/[22m[36massets/AIAssistantPanel-DAzAyAzG.js     [39m[1m[2m 28.66 kB[22m[1m[22m[2m │ gzip:   6.68 kB[22m
[2mdist/[22m[36massets/MyProfilePanel-qVPjicos.js       [39m[1m[2m 31.78 kB[22m[1m[22m[2m │ gzip:   6.96 kB[22m
[2mdist/[22m[36massets/vendor-react-CYl_8w8o.js         [39m[1m[2m 44.33 kB[22m[1m[22m[2m │ gzip:  15.85 kB[22m
[2mdist/[22m[36massets/vendor-icons-zGDx4OuM.js         [39m[1m[2m 47.77 kB[22m[1m[22m[2m │ gzip:   9.70 kB[22m
[2mdist/[22m[36massets/vendor-utils-CPfR4yzv.js         [39m[1m[2m 77.48 kB[22m[1m[22m[2m │ gzip:  26.91 kB[22m
[2mdist/[22m[36massets/vendor-motion-DVtcDAy4.js        [39m[1m[2m127.41 kB[22m[1m[22m[2m │ gzip:  42.04 kB[22m
[2mdist/[22m[36massets/index-CS_NhiyJ.js                [39m[1m[2m480.16 kB[22m[1m[22m[2m │ gzip: 127.15 kB[22m
[32m✓ built in 8.74s[39m
